JobId=1549476 JobName=ge-2
   UserId=pba764(5013) GroupId=ponsmoll(4037) MCS_label=N/A
   Priority=52969 Nice=0 Account=ponsmoll QOS=normal
   JobState=RUNNING Reason=None Dependency=(null)
   Requeue=1 Restarts=0 BatchFlag=1 Reboot=0 ExitCode=0:0
   RunTime=00:00:00 TimeLimit=3-00:00:00 TimeMin=N/A
   SubmitTime=2025-06-11T23:19:41 EligibleTime=2025-06-11T23:19:41
   AccrueTime=2025-06-11T23:19:41
   StartTime=2025-06-11T23:19:41 EndTime=2025-06-14T23:19:41 Deadline=N/A
   PreemptEligibleTime=2025-06-11T23:20:41 PreemptTime=None
   SuspendTime=None SecsPreSuspend=0 LastSchedEval=2025-06-11T23:19:41 Scheduler=Main
   Partition=a100-galvani AllocNode:Sid=192.168.212.54:921811
   ReqNodeList=(null) ExcNodeList=(null)
   NodeList=galvani-cn205
   BatchHost=galvani-cn205
   NumNodes=1 NumCPUs=4 NumTasks=1 CPUs/Task=4 ReqB:S:C:T=0:0:*:*
   ReqTRES=cpu=4,mem=16G,node=1,billing=5,gres/gpu=4
   AllocTRES=cpu=4,mem=16G,node=1,billing=5,gres/gpu=4,gres/gpu:a100=4
   Socks/Node=* NtasksPerN:B:S:C=0:0:*:* CoreSpec=*
   MinCPUsNode=4 MinMemoryNode=16G MinTmpDiskNode=0
   Features=(null) DelayBoot=00:00:00
   OverSubscribe=OK Contiguous=0 Licenses=(null) Network=(null)
   Command=/mnt/lustre/home/ponsmoll/pba764/projects/3DShape2VecSet/sbatch_run_gpu_training.sh
   WorkDir=/mnt/lustre/home/ponsmoll/pba764/projects/3DShape2VecSet
   StdErr=/mnt/lustre/home/ponsmoll/pba764/projects/3DShape2VecSet/./logs_ge_2/myjob-1549476.err
   StdIn=/dev/null
   StdOut=/mnt/lustre/home/ponsmoll/pba764/projects/3DShape2VecSet/./logs_ge_2/myjob-1549476.out
   Power=
   TresPerNode=gres:gpu:4
   MailUser=andrea.sanchietti@uni-tuebingen.de MailType=INVALID_DEPEND,BEGIN,END,FAIL,REQUEUE,STAGE_OUT
   

/home/ponsmoll/pba764/projects/3DShape2VecSet
