JobId=1560272 JobName=garment-encoder
   UserId=pba764(5013) GroupId=ponsmoll(4037) MCS_label=N/A
   Priority=44747 Nice=0 Account=ponsmoll QOS=normal
   JobState=RUNNING Reason=None Dependency=(null)
   Requeue=1 Restarts=0 BatchFlag=1 Reboot=0 ExitCode=0:0
   RunTime=00:00:00 TimeLimit=2-00:00:00 TimeMin=N/A
   SubmitTime=2025-06-18T20:25:58 EligibleTime=2025-06-18T20:25:58
   AccrueTime=2025-06-18T20:25:59
   StartTime=2025-06-18T20:25:59 EndTime=2025-06-20T20:25:59 Deadline=N/A
   PreemptEligibleTime=2025-06-18T20:26:59 PreemptTime=None
   SuspendTime=None SecsPreSuspend=0 LastSchedEval=2025-06-18T20:25:59 Scheduler=Main
   Partition=2080-galvani AllocNode:Sid=192.168.212.54:2510056
   ReqNodeList=(null) ExcNodeList=(null)
   NodeList=galvani-cn108
   BatchHost=galvani-cn108
   NumNodes=1 NumCPUs=8 NumTasks=1 CPUs/Task=8 ReqB:S:C:T=0:0:*:*
   ReqTRES=cpu=8,mem=16G,node=1,billing=2,gres/gpu=4
   AllocTRES=cpu=8,mem=16G,node=1,billing=2,gres/gpu=4,gres/gpu:rtx2080ti=4
   Socks/Node=* NtasksPerN:B:S:C=0:0:*:* CoreSpec=*
   MinCPUsNode=8 MinMemoryNode=16G MinTmpDiskNode=0
   Features=(null) DelayBoot=00:00:00
   OverSubscribe=OK Contiguous=0 Licenses=(null) Network=(null)
   Command=/mnt/lustre/home/ponsmoll/pba764/projects/3DShape2VecSet/sbatch_run_gpu_training_sphere.sh
   WorkDir=/mnt/lustre/home/ponsmoll/pba764/projects/3DShape2VecSet
   StdErr=/mnt/lustre/home/ponsmoll/pba764/projects/3DShape2VecSet/./logs_sphere/myjob-1560272.err
   StdIn=/dev/null
   StdOut=/mnt/lustre/home/ponsmoll/pba764/projects/3DShape2VecSet/./logs_sphere/myjob-1560272.out
   Power=
   TresPerNode=gres:gpu:4
   MailUser=andrea.sanchietti@uni-tuebingen.de MailType=INVALID_DEPEND,BEGIN,END,FAIL,REQUEUE,STAGE_OUT
   

/home/ponsmoll/pba764/projects/3DShape2VecSet
RUNNING DIST OPTION 2
| distributed init (rank 0): env://, gpu 0
[20:26:11.322011] job dir: /mnt/lustre/home/ponsmoll/pba764/projects/3DShape2VecSet
[20:26:11.322260] Namespace(batch_size=2,
epochs=500,
accum_iter=32,
model='kl_garments',
point_cloud_size=16384,
num_samples=65536,
random_samples_ratio=0.2,
surface_samples_ratio=0.15,
clip_grad=None,
weight_decay=0.05,
lr=0.0001,
blr=0.0001,
layer_decay=0.75,
min_lr=1e-08,
warmup_epochs=0,
data_path='../GarmentCode/garmentcodedata_v2',
output_dir='./output_sphere',
log_dir='./output_sphere',
device='cuda',
seed=0,
resume='',
start_epoch=0,
eval=False,
dist_eval=False,
num_workers=2,
pin_mem=False,
world_size=1,
local_rank=0,
dist_on_itp=False,
dist_url='env://',
only_udf=False,
force_occupancy=True,
save_every=1,
max_dist=0.1,
mse_loss=False,
test_dummy_sphere=True,
single_garment_overfit=False,
body_model_normalization=False,
body_model_normalization_alpha=0.5,
rank=0,
gpu=0,
distributed=True,
dist_backend='nccl')
[20:26:11.597883] Using 4 GPUs
NO BOUNDARY FOUND
[20:26:23.352082] Using 4 GPUs
NO BOUNDARY FOUND
[20:26:34.547961] Sampler_train = <torch.utils.data.distributed.DistributedSampler object at 0x7fee26331ee0>
[20:26:35.311655] Model = KLAutoEncoderV2(
  (cross_attend_blocks): ModuleList(
    (0): PreNorm(
      (fn): Attention(
        (to_q): Linear(in_features=512, out_features=512, bias=False)
        (to_kv): Linear(in_features=512, out_features=1024, bias=False)
        (to_out): Linear(in_features=512, out_features=512, bias=True)
        (drop_path): Identity()
      )
      (norm): LayerNorm((512,), eps=1e-05, elementwise_affine=True)
      (norm_context): LayerNorm((512,), eps=1e-05, elementwise_affine=True)
    )
    (1): PreNorm(
      (fn): FeedForward(
        (net): Sequential(
          (0): Linear(in_features=512, out_features=4096, bias=True)
          (1): GEGLU()
          (2): Linear(in_features=2048, out_features=512, bias=True)
        )
        (drop_path): Identity()
      )
      (norm): LayerNorm((512,), eps=1e-05, elementwise_affine=True)
    )
  )
  (point_embed): PointEmbed(
    (mlp): Linear(in_features=51, out_features=512, bias=True)
  )
  (layers): ModuleList(
    (0-23): 24 x ModuleList(
      (0): PreNorm(
        (fn): Attention(
          (to_q): Linear(in_features=512, out_features=512, bias=False)
          (to_kv): Linear(in_features=512, out_features=1024, bias=False)
          (to_out): Linear(in_features=512, out_features=512, bias=True)
          (drop_path): DropPath(drop_prob=0.100)
        )
        (norm): LayerNorm((512,), eps=1e-05, elementwise_affine=True)
      )
      (1): PreNorm(
        (fn): FeedForward(
          (net): Sequential(
            (0): Linear(in_features=512, out_features=4096, bias=True)
            (1): GEGLU()
            (2): Linear(in_features=2048, out_features=512, bias=True)
          )
          (drop_path): DropPath(drop_prob=0.100)
        )
        (norm): LayerNorm((512,), eps=1e-05, elementwise_affine=True)
      )
    )
  )
  (decoder_cross_attn): PreNorm(
    (fn): Attention(
      (to_q): Linear(in_features=512, out_features=512, bias=False)
      (to_kv): Linear(in_features=512, out_features=1024, bias=False)
      (to_out): Linear(in_features=512, out_features=512, bias=True)
      (drop_path): Identity()
    )
    (norm): LayerNorm((512,), eps=1e-05, elementwise_affine=True)
    (norm_context): LayerNorm((512,), eps=1e-05, elementwise_affine=True)
  )
  (to_outputs): Linear(in_features=512, out_features=1, bias=True)
  (proj): Linear(in_features=16, out_features=512, bias=True)
  (mean_fc): Linear(in_features=512, out_features=16, bias=True)
  (logvar_fc): Linear(in_features=512, out_features=16, bias=True)
)
[20:26:35.311718] number of params (M): 106.14
[20:26:35.311738] base lr: 4.00e-04
[20:26:35.311754] actual lr: 1.00e-04
[20:26:35.311763] accumulate grad iterations: 32
[20:26:35.311771] effective batch size: 64
[20:26:35.330748] criterion = BCEWithLogitsLoss()
[20:26:35.330779] Start training for 500 epochs
[20:26:36.754288] log_dir: ./output_sphere
[20:26:38.313241] Epoch: [0]  [    0/32768]  eta: 14:06:43  lr: 0.000100  loss: 2.1280 (2.1280)  loss_near: 0.6577 (0.6577)  loss_rand: 0.7299 (0.7299)  loss_srf: 0.7299 (0.7299)  loss_kl: 0.0482 (0.0482)  loss_grads: 1.0005 (1.0005)  iou: 0.7656 (0.7656)  time: 1.5504  data: 0.1583  max mem: 9313
[20:26:48.561108] Epoch: [0]  [   20/32768]  eta: 5:06:36  lr: 0.000100  loss: 2.1291 (2.1286)  loss_near: 0.6592 (0.6634)  loss_rand: 0.7297 (0.7274)  loss_srf: 0.7297 (0.7274)  loss_kl: 0.0487 (0.0495)  loss_grads: 0.9985 (0.9989)  iou: 0.7567 (0.5987)  time: 0.5123  data: 0.0018  max mem: 9913
[20:26:55.115395] [20:26:55.115838] [20:26:55.116019] [20:26:55.116185] [20:26:55.116331] [20:26:55.116527] [20:26:55.116721] [20:26:55.116876] [20:26:55.117023] [20:26:55.117169] [20:26:55.117342] [1;34mwandb[0m: 
[1;34mwandb[0m: 🚀 View run [33mkl_garments[0m at: [34mhttps://wandb.ai/SewingGaussians/3DShape2VecSet_sphere_distributed_bce/runs/wyl2ur1f[0m
[1;34mwandb[0m: Find logs at: [1;35m../../../../../mnt/lustre/home/ponsmoll/pba764/projects/3DShape2VecSet/wandb/run-20250618_202635-wyl2ur1f/logs[0m
