/home/ponsmoll/pba764/.conda/envs/shape2vec/lib/python3.9/site-packages/torch/distributed/launch.py:208: FutureWarning: The module torch.distributed.launch is deprecated
and will be removed in future. Use torchrun.
Note that --use-env is set by default in torchrun.
If your script expects `--local-rank` argument to be set, please
change it to read from `os.environ['LOCAL_RANK']` instead. See 
https://pytorch.org/docs/stable/distributed.html#launch-utility for 
further instructions

  main()
/home/ponsmoll/pba764/.conda/envs/shape2vec/lib/python3.9/site-packages/timm/models/layers/__init__.py:48: FutureWarning: Importing from timm.models.layers is deprecated, please import via timm.layers
  warnings.warn(f"Importing from {__name__} is deprecated, please import via timm.layers", FutureWarning)
[rank0]:[W616 17:08:26.644228600 ProcessGroupNCCL.cpp:4115] [PG ID 0 PG GUID 0 Rank 0]  using GPU 0 to perform barrier as devices used by this process are currently unknown. This can potentially cause a hang if this rank to GPU mapping is incorrect.Specify device_ids in barrier() to force use of a particular device,or call init_process_group() with a device_id.
  0%|          | 0/1 [00:00<?, ?it/s]/home/ponsmoll/pba764/.conda/envs/shape2vec/lib/python3.9/site-packages/timm/models/layers/__init__.py:48: FutureWarning: Importing from timm.models.layers is deprecated, please import via timm.layers
  warnings.warn(f"Importing from {__name__} is deprecated, please import via timm.layers", FutureWarning)
/home/ponsmoll/pba764/.conda/envs/shape2vec/lib/python3.9/site-packages/timm/models/layers/__init__.py:48: FutureWarning: Importing from timm.models.layers is deprecated, please import via timm.layers
  warnings.warn(f"Importing from {__name__} is deprecated, please import via timm.layers", FutureWarning)
/home/ponsmoll/pba764/.conda/envs/shape2vec/lib/python3.9/site-packages/timm/models/layers/__init__.py:48: FutureWarning: Importing from timm.models.layers is deprecated, please import via timm.layers
  warnings.warn(f"Importing from {__name__} is deprecated, please import via timm.layers", FutureWarning)
/home/ponsmoll/pba764/.conda/envs/shape2vec/lib/python3.9/site-packages/timm/models/layers/__init__.py:48: FutureWarning: Importing from timm.models.layers is deprecated, please import via timm.layers
  warnings.warn(f"Importing from {__name__} is deprecated, please import via timm.layers", FutureWarning)
/mnt/lustre/home/ponsmoll/pba764/projects/3DShape2VecSet/util/garmentcode.py:92: UserWarning: Using torch.cross without specifying the dim arg is deprecated.
Please either pass the dim explicitly or simply use torch.linalg.cross.
The default value of dim will change to agree with that of linalg.cross in a future release. (Triggered internally at /opt/conda/conda-bld/pytorch_1729647350383/work/aten/src/ATen/native/Cross.cpp:62.)
  grads = torch.cross(v[:, 1] - v[:, 0], v[:, 2] - v[:, 0])
100%|██████████| 1/1 [00:09<00:00,  9.53s/it]100%|██████████| 1/1 [00:09<00:00,  9.53s/it]
  0%|          | 0/1 [00:00<?, ?it/s]/home/ponsmoll/pba764/.conda/envs/shape2vec/lib/python3.9/site-packages/timm/models/layers/__init__.py:48: FutureWarning: Importing from timm.models.layers is deprecated, please import via timm.layers
  warnings.warn(f"Importing from {__name__} is deprecated, please import via timm.layers", FutureWarning)
/home/ponsmoll/pba764/.conda/envs/shape2vec/lib/python3.9/site-packages/timm/models/layers/__init__.py:48: FutureWarning: Importing from timm.models.layers is deprecated, please import via timm.layers
  warnings.warn(f"Importing from {__name__} is deprecated, please import via timm.layers", FutureWarning)
/home/ponsmoll/pba764/.conda/envs/shape2vec/lib/python3.9/site-packages/timm/models/layers/__init__.py:48: FutureWarning: Importing from timm.models.layers is deprecated, please import via timm.layers
  warnings.warn(f"Importing from {__name__} is deprecated, please import via timm.layers", FutureWarning)
/home/ponsmoll/pba764/.conda/envs/shape2vec/lib/python3.9/site-packages/timm/models/layers/__init__.py:48: FutureWarning: Importing from timm.models.layers is deprecated, please import via timm.layers
  warnings.warn(f"Importing from {__name__} is deprecated, please import via timm.layers", FutureWarning)
/mnt/lustre/home/ponsmoll/pba764/projects/3DShape2VecSet/util/garmentcode.py:92: UserWarning: Using torch.cross without specifying the dim arg is deprecated.
Please either pass the dim explicitly or simply use torch.linalg.cross.
The default value of dim will change to agree with that of linalg.cross in a future release. (Triggered internally at /opt/conda/conda-bld/pytorch_1729647350383/work/aten/src/ATen/native/Cross.cpp:62.)
  grads = torch.cross(v[:, 1] - v[:, 0], v[:, 2] - v[:, 0])
100%|██████████| 1/1 [00:09<00:00,  9.32s/it]100%|██████████| 1/1 [00:09<00:00,  9.32s/it]
/mnt/lustre/home/ponsmoll/pba764/projects/3DShape2VecSet/util/misc.py:254: FutureWarning: `torch.cuda.amp.GradScaler(args...)` is deprecated. Please use `torch.amp.GradScaler('cuda', args...)` instead.
  self._scaler = torch.cuda.amp.GradScaler()
/mnt/lustre/home/ponsmoll/pba764/projects/3DShape2VecSet/engine_ae.py:107: FutureWarning: `torch.cuda.amp.autocast(args...)` is deprecated. Please use `torch.amp.autocast('cuda', args...)` instead.
  with torch.cuda.amp.autocast(enabled=False):
/home/ponsmoll/pba764/.conda/envs/shape2vec/lib/python3.9/site-packages/torch/autograd/graph.py:825: UserWarning: Attempting to run cuBLAS, but there was no current CUDA context! Attempting to set the primary context... (Triggered internally at /opt/conda/conda-bld/pytorch_1729647350383/work/aten/src/ATen/cuda/CublasHandlePool.cpp:135.)
  return Variable._execution_engine.run_backward(  # Calls into the C++ engine to run the backward pass
slurmstepd: error: *** JOB 1554435 ON galvani-cn122 CANCELLED AT 2025-06-18T15:44:04 ***
slurmstepd: error: *** STEP 1554435.0 ON galvani-cn122 CANCELLED AT 2025-06-18T15:44:04 ***
