JobId=1560273 JobName=garment-encoder
   UserId=pba764(5013) GroupId=ponsmoll(4037) MCS_label=N/A
   Priority=44747 Nice=0 Account=ponsmoll QOS=normal
   JobState=RUNNING Reason=None Dependency=(null)
   Requeue=1 Restarts=0 BatchFlag=1 Reboot=0 ExitCode=0:0
   RunTime=00:00:00 TimeLimit=2-00:00:00 TimeMin=N/A
   SubmitTime=2025-06-18T20:30:24 EligibleTime=2025-06-18T20:30:24
   AccrueTime=2025-06-18T20:30:24
   StartTime=2025-06-18T20:30:24 EndTime=2025-06-20T20:30:24 Deadline=N/A
   PreemptEligibleTime=2025-06-18T20:31:24 PreemptTime=None
   SuspendTime=None SecsPreSuspend=0 LastSchedEval=2025-06-18T20:30:24 Scheduler=Main
   Partition=2080-galvani AllocNode:Sid=192.168.212.54:2510056
   ReqNodeList=(null) ExcNodeList=(null)
   NodeList=galvani-cn105
   BatchHost=galvani-cn105
   NumNodes=1 NumCPUs=8 NumTasks=1 CPUs/Task=8 ReqB:S:C:T=0:0:*:*
   ReqTRES=cpu=8,mem=16G,node=1,billing=2,gres/gpu=4
   AllocTRES=cpu=8,mem=16G,node=1,billing=2,gres/gpu=4,gres/gpu:rtx2080ti=4
   Socks/Node=* NtasksPerN:B:S:C=0:0:*:* CoreSpec=*
   MinCPUsNode=8 MinMemoryNode=16G MinTmpDiskNode=0
   Features=(null) DelayBoot=00:00:00
   OverSubscribe=OK Contiguous=0 Licenses=(null) Network=(null)
   Command=/mnt/lustre/home/ponsmoll/pba764/projects/3DShape2VecSet/sbatch_run_gpu_training_single_garm.py
   WorkDir=/mnt/lustre/home/ponsmoll/pba764/projects/3DShape2VecSet
   StdErr=/mnt/lustre/home/ponsmoll/pba764/projects/3DShape2VecSet/./logs_sphere/myjob-1560273.err
   StdIn=/dev/null
   StdOut=/mnt/lustre/home/ponsmoll/pba764/projects/3DShape2VecSet/./logs_sphere/myjob-1560273.out
   Power=
   TresPerNode=gres:gpu:4
   MailUser=andrea.sanchietti@uni-tuebingen.de MailType=INVALID_DEPEND,BEGIN,END,FAIL,REQUEUE,STAGE_OUT
   

/home/ponsmoll/pba764/projects/3DShape2VecSet
RUNNING DIST OPTION 2
| distributed init (rank 0): env://, gpu 0
[20:30:37.039079] job dir: /mnt/lustre/home/ponsmoll/pba764/projects/3DShape2VecSet
[20:30:37.039187] Namespace(batch_size=1,
epochs=500,
accum_iter=32,
model='kl_garments',
point_cloud_size=16384,
num_samples=65536,
random_samples_ratio=0.2,
surface_samples_ratio=0.15,
clip_grad=None,
weight_decay=0.05,
lr=0.0001,
blr=0.0001,
layer_decay=0.75,
min_lr=1e-08,
warmup_epochs=0,
data_path='../GarmentCode/garmentcodedata_v2',
output_dir='./output_single_garment',
log_dir='./output_single_garment',
device='cuda',
seed=0,
resume='',
start_epoch=0,
eval=False,
dist_eval=False,
num_workers=2,
pin_mem=False,
world_size=1,
local_rank=0,
dist_on_itp=False,
dist_url='env://',
only_udf=False,
force_occupancy=True,
save_every=1,
max_dist=0.1,
mse_loss=False,
test_dummy_sphere=False,
single_garment_overfit=True,
body_model_normalization=False,
body_model_normalization_alpha=0.5,
rank=0,
gpu=0,
distributed=True,
dist_backend='nccl')
[20:30:37.302754] Using 4 GPUs
[20:30:53.265049] Using 4 GPUs
[20:31:09.420090] Sampler_train = <torch.utils.data.distributed.DistributedSampler object at 0x7f93b1850e80>
[20:31:10.272576] Model = KLAutoEncoderV2(
  (cross_attend_blocks): ModuleList(
    (0): PreNorm(
      (fn): Attention(
        (to_q): Linear(in_features=512, out_features=512, bias=False)
        (to_kv): Linear(in_features=512, out_features=1024, bias=False)
        (to_out): Linear(in_features=512, out_features=512, bias=True)
        (drop_path): Identity()
      )
      (norm): LayerNorm((512,), eps=1e-05, elementwise_affine=True)
      (norm_context): LayerNorm((512,), eps=1e-05, elementwise_affine=True)
    )
    (1): PreNorm(
      (fn): FeedForward(
        (net): Sequential(
          (0): Linear(in_features=512, out_features=4096, bias=True)
          (1): GEGLU()
          (2): Linear(in_features=2048, out_features=512, bias=True)
        )
        (drop_path): Identity()
      )
      (norm): LayerNorm((512,), eps=1e-05, elementwise_affine=True)
    )
  )
  (point_embed): PointEmbed(
    (mlp): Linear(in_features=51, out_features=512, bias=True)
  )
  (layers): ModuleList(
    (0-23): 24 x ModuleList(
      (0): PreNorm(
        (fn): Attention(
          (to_q): Linear(in_features=512, out_features=512, bias=False)
          (to_kv): Linear(in_features=512, out_features=1024, bias=False)
          (to_out): Linear(in_features=512, out_features=512, bias=True)
          (drop_path): DropPath(drop_prob=0.100)
        )
        (norm): LayerNorm((512,), eps=1e-05, elementwise_affine=True)
      )
      (1): PreNorm(
        (fn): FeedForward(
          (net): Sequential(
            (0): Linear(in_features=512, out_features=4096, bias=True)
            (1): GEGLU()
            (2): Linear(in_features=2048, out_features=512, bias=True)
          )
          (drop_path): DropPath(drop_prob=0.100)
        )
        (norm): LayerNorm((512,), eps=1e-05, elementwise_affine=True)
      )
    )
  )
  (decoder_cross_attn): PreNorm(
    (fn): Attention(
      (to_q): Linear(in_features=512, out_features=512, bias=False)
      (to_kv): Linear(in_features=512, out_features=1024, bias=False)
      (to_out): Linear(in_features=512, out_features=512, bias=True)
      (drop_path): Identity()
    )
    (norm): LayerNorm((512,), eps=1e-05, elementwise_affine=True)
    (norm_context): LayerNorm((512,), eps=1e-05, elementwise_affine=True)
  )
  (to_outputs): Linear(in_features=512, out_features=1, bias=True)
  (proj): Linear(in_features=16, out_features=512, bias=True)
  (mean_fc): Linear(in_features=512, out_features=16, bias=True)
  (logvar_fc): Linear(in_features=512, out_features=16, bias=True)
)
[20:31:10.272628] number of params (M): 106.14
[20:31:10.272649] base lr: 8.00e-04
[20:31:10.272659] actual lr: 1.00e-04
[20:31:10.272669] accumulate grad iterations: 32
[20:31:10.272678] effective batch size: 32
[20:31:10.293752] criterion = BCEWithLogitsLoss()
[20:31:10.293784] Start training for 500 epochs
[20:31:11.618414] log_dir: ./output_single_garment
[20:31:13.011481] Epoch: [0]  [    0/65536]  eta: 1 day, 1:20:20  lr: 0.000100  loss: 2.1224 (2.1224)  loss_near: 0.6678 (0.6678)  loss_rand: 0.7220 (0.7220)  loss_srf: 0.7220 (0.7220)  loss_kl: 0.0504 (0.0504)  loss_grads: 0.9934 (0.9934)  iou: 0.7572 (0.7572)  time: 1.3919  data: 0.1673  max mem: 5147
[20:31:18.585241] Epoch: [0]  [   20/65536]  eta: 6:02:04  lr: 0.000100  loss: 2.1137 (2.1250)  loss_near: 0.6720 (0.6694)  loss_rand: 0.7149 (0.7226)  loss_srf: 0.7149 (0.7226)  loss_kl: 0.0508 (0.0509)  loss_grads: 0.9974 (0.9980)  iou: 0.7565 (0.4929)  time: 0.2786  data: 0.0021  max mem: 5665
[20:31:24.285071] Epoch: [0]  [   40/65536]  eta: 5:37:05  lr: 0.000100  loss: 2.1429 (2.2052)  loss_near: 0.7198 (0.9954)  loss_rand: 0.6398 (0.5996)  loss_srf: 0.6398 (0.5996)  loss_kl: 0.0513 (0.0524)  loss_grads: 1.0017 (1.0005)  iou: 0.0000 (0.3633)  time: 0.2849  data: 0.0025  max mem: 6477
[20:31:29.946194] Epoch: [0]  [   60/65536]  eta: 5:27:44  lr: 0.000100  loss: 2.5111 (2.2990)  loss_near: 2.1296 (1.3599)  loss_rand: 0.1847 (0.4643)  loss_srf: 0.1847 (0.4643)  loss_kl: 0.0573 (0.0540)  loss_grads: 1.0068 (1.0027)  iou: 0.0000 (0.2442)  time: 0.2829  data: 0.0024  max mem: 6477
[20:31:35.560516] Epoch: [0]  [   80/65536]  eta: 5:22:19  lr: 0.000100  loss: 2.0504 (2.2512)  loss_near: 0.7358 (1.2568)  loss_rand: 0.6467 (0.4919)  loss_srf: 0.6467 (0.4919)  loss_kl: 0.0692 (0.0574)  loss_grads: 1.0022 (1.0027)  iou: 0.0000 (0.1931)  time: 0.2806  data: 0.0024  max mem: 6477
[20:31:40.995546] Epoch: [0]  [  100/65536]  eta: 5:17:04  lr: 0.000100  loss: 2.0215 (2.2050)  loss_near: 0.7505 (1.1611)  loss_rand: 0.6254 (0.5166)  loss_srf: 0.6254 (0.5166)  loss_kl: 0.0699 (0.0604)  loss_grads: 1.0026 (1.0027)  iou: 0.0000 (0.1623)  time: 0.2716  data: 0.0025  max mem: 6477
[20:31:46.499134] Epoch: [0]  [  120/65536]  eta: 5:14:09  lr: 0.000100  loss: 1.9449 (2.1626)  loss_near: 0.8815 (1.1145)  loss_rand: 0.5263 (0.5187)  loss_srf: 0.5263 (0.5187)  loss_kl: 0.0810 (0.0638)  loss_grads: 0.9999 (1.0022)  iou: 0.0000 (0.1355)  time: 0.2751  data: 0.0025  max mem: 6477
[20:31:52.033154] Epoch: [0]  [  140/65536]  eta: 5:12:16  lr: 0.000100  loss: 1.9207 (2.1295)  loss_near: 1.0896 (1.1021)  loss_rand: 0.4074 (0.5084)  loss_srf: 0.4074 (0.5084)  loss_kl: 0.0917 (0.0673)  loss_grads: 0.9982 (1.0017)  iou: 0.0000 (0.1163)  time: 0.2766  data: 0.0023  max mem: 6477
[20:31:57.618717] Epoch: [0]  [  160/65536]  eta: 5:11:11  lr: 0.000100  loss: 1.9172 (2.1033)  loss_near: 1.0988 (1.1026)  loss_rand: 0.4022 (0.4950)  loss_srf: 0.4022 (0.4950)  loss_kl: 0.0923 (0.0704)  loss_grads: 0.9971 (1.0012)  iou: 0.0000 (0.1018)  time: 0.2792  data: 0.0024  max mem: 6477
[20:32:03.178699] Epoch: [0]  [  180/65536]  eta: 5:10:09  lr: 0.000100  loss: 1.9407 (2.0855)  loss_near: 1.2318 (1.1160)  loss_rand: 0.3501 (0.4794)  loss_srf: 0.3501 (0.4794)  loss_kl: 0.1026 (0.0740)  loss_grads: 0.9952 (1.0005)  iou: 0.0000 (0.0906)  time: 0.2779  data: 0.0024  max mem: 6477
[20:32:08.786347] Epoch: [0]  [  200/65536]  eta: 5:09:35  lr: 0.000100  loss: 1.9433 (2.0713)  loss_near: 1.2326 (1.1275)  loss_rand: 0.3486 (0.4665)  loss_srf: 0.3486 (0.4665)  loss_kl: 0.1034 (0.0773)  loss_grads: 0.9944 (0.9998)  iou: 0.0000 (0.0816)  time: 0.2803  data: 0.0024  max mem: 6477
[20:32:14.378426] Epoch: [0]  [  220/65536]  eta: 5:09:01  lr: 0.000100  loss: 1.9369 (2.0592)  loss_near: 1.2151 (1.1352)  loss_rand: 0.3557 (0.4566)  loss_srf: 0.3557 (0.4566)  loss_kl: 0.1123 (0.0805)  loss_grads: 0.9921 (0.9992)  iou: 0.0000 (0.0742)  time: 0.2795  data: 0.0024  max mem: 6477
[20:32:20.083552] Epoch: [0]  [  240/65536]  eta: 5:09:02  lr: 0.000100  loss: 1.9209 (2.0479)  loss_near: 1.1278 (1.1353)  loss_rand: 0.3905 (0.4509)  loss_srf: 0.3905 (0.4509)  loss_kl: 0.1202 (0.0837)  loss_grads: 0.9907 (0.9985)  iou: 0.0000 (0.0680)  time: 0.2851  data: 0.0024  max mem: 6477
[20:32:25.787561] Epoch: [0]  [  260/65536]  eta: 5:09:02  lr: 0.000100  loss: 1.9201 (2.0381)  loss_near: 1.1147 (1.1323)  loss_rand: 0.3955 (0.4475)  loss_srf: 0.3955 (0.4475)  loss_kl: 0.1205 (0.0866)  loss_grads: 0.9911 (0.9980)  iou: 0.0000 (0.0628)  time: 0.2851  data: 0.0023  max mem: 6477
[20:32:31.424071] Epoch: [0]  [  280/65536]  eta: 5:08:45  lr: 0.000100  loss: 1.9157 (2.0294)  loss_near: 1.0224 (1.1246)  loss_rand: 0.4411 (0.4469)  loss_srf: 0.4411 (0.4469)  loss_kl: 0.1281 (0.0896)  loss_grads: 0.9905 (0.9974)  iou: 0.0000 (0.0583)  time: 0.2817  data: 0.0025  max mem: 6477
[20:32:36.978423] Epoch: [0]  [  300/65536]  eta: 5:08:12  lr: 0.000100  loss: 1.9244 (2.0223)  loss_near: 0.9534 (1.1143)  loss_rand: 0.4797 (0.4486)  loss_srf: 0.4797 (0.4486)  loss_kl: 0.1343 (0.0924)  loss_grads: 0.9885 (0.9968)  iou: 0.0000 (0.0545)  time: 0.2776  data: 0.0024  max mem: 6477
[20:32:42.476162] Epoch: [0]  [  320/65536]  eta: 5:07:31  lr: 0.000100  loss: 1.9273 (2.0164)  loss_near: 0.9420 (1.1034)  loss_rand: 0.4851 (0.4511)  loss_srf: 0.4851 (0.4511)  loss_kl: 0.1350 (0.0951)  loss_grads: 0.9893 (0.9963)  iou: 0.0000 (0.0511)  time: 0.2748  data: 0.0024  max mem: 6477
[20:32:48.325870] Epoch: [0]  [  340/65536]  eta: 5:08:02  lr: 0.000100  loss: 1.9321 (2.0115)  loss_near: 0.9231 (1.0929)  loss_rand: 0.4985 (0.4538)  loss_srf: 0.4985 (0.4538)  loss_kl: 0.1408 (0.0978)  loss_grads: 0.9857 (0.9957)  iou: 0.0000 (0.0481)  time: 0.2924  data: 0.0023  max mem: 6477
[20:32:53.926893] Epoch: [0]  [  360/65536]  eta: 5:07:43  lr: 0.000100  loss: 1.9277 (2.0069)  loss_near: 0.9341 (1.0843)  loss_rand: 0.4904 (0.4558)  loss_srf: 0.4904 (0.4558)  loss_kl: 0.1413 (0.1003)  loss_grads: 0.9847 (0.9951)  iou: 0.0000 (0.0454)  time: 0.2799  data: 0.0023  max mem: 6477
[20:32:59.508269] Epoch: [0]  [  380/65536]  eta: 5:07:23  lr: 0.000100  loss: 1.9259 (2.0026)  loss_near: 0.9441 (1.0770)  loss_rand: 0.4851 (0.4573)  loss_srf: 0.4851 (0.4573)  loss_kl: 0.1463 (0.1027)  loss_grads: 0.9847 (0.9946)  iou: 0.0000 (0.0430)  time: 0.2790  data: 0.0023  max mem: 6477
[20:33:05.134304] Epoch: [0]  [  400/65536]  eta: 5:07:11  lr: 0.000100  loss: 1.9162 (1.9984)  loss_near: 1.0031 (1.0731)  loss_rand: 0.4492 (0.4571)  loss_srf: 0.4492 (0.4571)  loss_kl: 0.1515 (0.1051)  loss_grads: 0.9832 (0.9940)  iou: 0.0000 (0.0409)  time: 0.2812  data: 0.0023  max mem: 6477
[20:33:10.778337] Epoch: [0]  [  420/65536]  eta: 5:07:03  lr: 0.000100  loss: 1.9161 (1.9944)  loss_near: 1.0056 (1.0704)  loss_rand: 0.4499 (0.4565)  loss_srf: 0.4499 (0.4565)  loss_kl: 0.1513 (0.1074)  loss_grads: 0.9806 (0.9933)  iou: 0.0000 (0.0389)  time: 0.2821  data: 0.0024  max mem: 6477
[20:33:16.404824] Epoch: [0]  [  440/65536]  eta: 5:06:52  lr: 0.000100  loss: 1.9150 (1.9909)  loss_near: 1.0651 (1.0703)  loss_rand: 0.4176 (0.4548)  loss_srf: 0.4176 (0.4548)  loss_kl: 0.1561 (0.1096)  loss_grads: 0.9770 (0.9926)  iou: 0.0000 (0.0372)  time: 0.2812  data: 0.0024  max mem: 6477
[20:33:22.047617] Epoch: [0]  [  460/65536]  eta: 5:06:44  lr: 0.000100  loss: 1.9164 (1.9876)  loss_near: 1.1008 (1.0713)  loss_rand: 0.4014 (0.4526)  loss_srf: 0.4014 (0.4526)  loss_kl: 0.1596 (0.1117)  loss_grads: 0.9757 (0.9918)  iou: 0.0000 (0.0356)  time: 0.2820  data: 0.0024  max mem: 6477
[20:33:27.695730] Epoch: [0]  [  480/65536]  eta: 5:06:37  lr: 0.000100  loss: 1.9187 (1.9847)  loss_near: 1.1169 (1.0733)  loss_rand: 0.3951 (0.4502)  loss_srf: 0.3951 (0.4502)  loss_kl: 0.1599 (0.1137)  loss_grads: 0.9730 (0.9911)  iou: 0.0000 (0.0341)  time: 0.2823  data: 0.0024  max mem: 6477
[20:33:33.304344] Epoch: [0]  [  500/65536]  eta: 5:06:25  lr: 0.000100  loss: 1.9213 (1.9822)  loss_near: 1.1380 (1.0760)  loss_rand: 0.3840 (0.4476)  loss_srf: 0.3840 (0.4476)  loss_kl: 0.1632 (0.1157)  loss_grads: 0.9709 (0.9903)  iou: 0.0000 (0.0327)  time: 0.2803  data: 0.0026  max mem: 6477
[20:33:38.907583] Epoch: [0]  [  520/65536]  eta: 5:06:13  lr: 0.000100  loss: 1.9217 (1.9799)  loss_near: 1.1443 (1.0787)  loss_rand: 0.3816 (0.4451)  loss_srf: 0.3816 (0.4451)  loss_kl: 0.1647 (0.1176)  loss_grads: 0.9675 (0.9894)  iou: 0.0000 (0.0315)  time: 0.2801  data: 0.0024  max mem: 6477
[20:33:44.388921] Epoch: [0]  [  540/65536]  eta: 5:05:46  lr: 0.000100  loss: 1.9204 (1.9777)  loss_near: 1.1389 (1.0809)  loss_rand: 0.3847 (0.4429)  loss_srf: 0.3847 (0.4429)  loss_kl: 0.1660 (0.1194)  loss_grads: 0.9682 (0.9886)  iou: 0.0000 (0.0303)  time: 0.2740  data: 0.0023  max mem: 6477
[20:33:49.887809] Epoch: [0]  [  560/65536]  eta: 5:05:23  lr: 0.000100  loss: 1.9175 (1.9755)  loss_near: 1.1103 (1.0820)  loss_rand: 0.3982 (0.4412)  loss_srf: 0.3982 (0.4412)  loss_kl: 0.1682 (0.1211)  loss_grads: 0.9658 (0.9878)  iou: 0.0000 (0.0292)  time: 0.2748  data: 0.0023  max mem: 6477
[20:33:55.389576] Epoch: [0]  [  580/65536]  eta: 5:05:02  lr: 0.000100  loss: 1.9147 (1.9734)  loss_near: 1.1031 (1.0826)  loss_rand: 0.3978 (0.4399)  loss_srf: 0.3978 (0.4399)  loss_kl: 0.1689 (0.1228)  loss_grads: 0.9645 (0.9870)  iou: 0.0000 (0.0282)  time: 0.2750  data: 0.0023  max mem: 6477
[20:34:00.966026] Epoch: [0]  [  600/65536]  eta: 5:04:50  lr: 0.000100  loss: 1.9120 (1.9714)  loss_near: 1.0652 (1.0819)  loss_rand: 0.4175 (0.4392)  loss_srf: 0.4175 (0.4392)  loss_kl: 0.1707 (0.1244)  loss_grads: 0.9610 (0.9862)  iou: 0.0000 (0.0273)  time: 0.2787  data: 0.0024  max mem: 6477
[20:34:06.531342] Epoch: [0]  [  620/65536]  eta: 5:04:37  lr: 0.000100  loss: 1.9118 (1.9694)  loss_near: 1.0235 (1.0804)  loss_rand: 0.4382 (0.4390)  loss_srf: 0.4382 (0.4390)  loss_kl: 0.1710 (0.1259)  loss_grads: 0.9586 (0.9853)  iou: 0.0000 (0.0264)  time: 0.2781  data: 0.0025  max mem: 6477
[20:34:12.130541] Epoch: [0]  [  640/65536]  eta: 5:04:28  lr: 0.000100  loss: 1.9113 (1.9676)  loss_near: 1.0180 (1.0785)  loss_rand: 0.4392 (0.4390)  loss_srf: 0.4392 (0.4390)  loss_kl: 0.1721 (0.1273)  loss_grads: 0.9590 (0.9845)  iou: 0.0000 (0.0256)  time: 0.2798  data: 0.0024  max mem: 6477
[20:34:17.750798] Epoch: [0]  [  660/65536]  eta: 5:04:21  lr: 0.000100  loss: 1.9129 (1.9660)  loss_near: 0.9907 (1.0757)  loss_rand: 0.4551 (0.4396)  loss_srf: 0.4551 (0.4396)  loss_kl: 0.1736 (0.1287)  loss_grads: 0.9564 (0.9836)  iou: 0.0000 (0.0248)  time: 0.2809  data: 0.0024  max mem: 6477
[20:34:23.421322] Epoch: [0]  [  680/65536]  eta: 5:04:19  lr: 0.000100  loss: 1.9135 (1.9644)  loss_near: 0.9845 (1.0730)  loss_rand: 0.4593 (0.4402)  loss_srf: 0.4593 (0.4402)  loss_kl: 0.1755 (0.1301)  loss_grads: 0.9548 (0.9828)  iou: 0.0000 (0.0241)  time: 0.2834  data: 0.0024  max mem: 6477
[20:34:28.938764] Epoch: [0]  [  700/65536]  eta: 5:04:03  lr: 0.000100  loss: 1.9126 (1.9630)  loss_near: 0.9769 (1.0702)  loss_rand: 0.4620 (0.4408)  loss_srf: 0.4620 (0.4408)  loss_kl: 0.1756 (0.1314)  loss_grads: 0.9528 (0.9819)  iou: 0.0000 (0.0234)  time: 0.2758  data: 0.0026  max mem: 6477
[20:34:34.548227] Epoch: [0]  [  720/65536]  eta: 5:03:55  lr: 0.000100  loss: 1.9102 (1.9615)  loss_near: 0.9826 (1.0678)  loss_rand: 0.4568 (0.4413)  loss_srf: 0.4568 (0.4413)  loss_kl: 0.1770 (0.1327)  loss_grads: 0.9514 (0.9811)  iou: 0.0000 (0.0227)  time: 0.2804  data: 0.0025  max mem: 6477
[20:34:40.144000] Epoch: [0]  [  740/65536]  eta: 5:03:47  lr: 0.000100  loss: 1.9086 (1.9600)  loss_near: 0.9865 (1.0656)  loss_rand: 0.4552 (0.4417)  loss_srf: 0.4552 (0.4417)  loss_kl: 0.1780 (0.1339)  loss_grads: 0.9485 (0.9802)  iou: 0.0000 (0.0221)  time: 0.2797  data: 0.0024  max mem: 6477
[20:34:45.729359] Epoch: [0]  [  760/65536]  eta: 5:03:37  lr: 0.000100  loss: 1.9020 (1.9585)  loss_near: 1.0036 (1.0640)  loss_rand: 0.4434 (0.4417)  loss_srf: 0.4434 (0.4417)  loss_kl: 0.1786 (0.1351)  loss_grads: 0.9480 (0.9793)  iou: 0.0000 (0.0215)  time: 0.2792  data: 0.0024  max mem: 6477
[20:34:51.424818] Epoch: [0]  [  780/65536]  eta: 5:03:37  lr: 0.000100  loss: 1.9009 (1.9570)  loss_near: 1.0236 (1.0630)  loss_rand: 0.4281 (0.4414)  loss_srf: 0.4281 (0.4414)  loss_kl: 0.1806 (0.1362)  loss_grads: 0.9464 (0.9785)  iou: 0.0000 (0.0210)  time: 0.2847  data: 0.0024  max mem: 6477
[20:34:57.123207] Epoch: [0]  [  800/65536]  eta: 5:03:37  lr: 0.000100  loss: 1.8947 (1.9555)  loss_near: 1.0373 (1.0624)  loss_rand: 0.4225 (0.4410)  loss_srf: 0.4225 (0.4410)  loss_kl: 0.1809 (0.1374)  loss_grads: 0.9475 (0.9777)  iou: 0.0000 (0.0205)  time: 0.2848  data: 0.0024  max mem: 6477
[20:35:02.694417] Epoch: [0]  [  820/65536]  eta: 5:03:27  lr: 0.000100  loss: 1.8934 (1.9540)  loss_near: 1.0677 (1.0625)  loss_rand: 0.4060 (0.4401)  loss_srf: 0.4060 (0.4401)  loss_kl: 0.1847 (0.1385)  loss_grads: 0.9448 (0.9769)  iou: 0.0000 (0.0200)  time: 0.2785  data: 0.0024  max mem: 6477
[20:35:08.237205] Epoch: [0]  [  840/65536]  eta: 5:03:15  lr: 0.000100  loss: 1.8919 (1.9525)  loss_near: 1.0733 (1.0628)  loss_rand: 0.4038 (0.4393)  loss_srf: 0.4038 (0.4393)  loss_kl: 0.1855 (0.1396)  loss_grads: 0.9438 (0.9761)  iou: 0.0000 (0.0195)  time: 0.2770  data: 0.0025  max mem: 6477
[20:35:13.822916] Epoch: [0]  [  860/65536]  eta: 5:03:06  lr: 0.000100  loss: 1.8847 (1.9509)  loss_near: 1.0724 (1.0630)  loss_rand: 0.3980 (0.4383)  loss_srf: 0.3980 (0.4383)  loss_kl: 0.1887 (0.1408)  loss_grads: 0.9430 (0.9754)  iou: 0.0000 (0.0190)  time: 0.2792  data: 0.0024  max mem: 6477
[20:35:19.480364] Epoch: [0]  [  880/65536]  eta: 5:03:03  lr: 0.000100  loss: 1.8628 (1.9489)  loss_near: 1.0659 (1.0631)  loss_rand: 0.3932 (0.4373)  loss_srf: 0.3932 (0.4373)  loss_kl: 0.1949 (0.1420)  loss_grads: 0.9432 (0.9746)  iou: 0.0000 (0.0186)  time: 0.2828  data: 0.0025  max mem: 6477
[20:35:25.020687] Epoch: [0]  [  900/65536]  eta: 5:02:51  lr: 0.000100  loss: 1.8597 (1.9468)  loss_near: 1.0579 (1.0629)  loss_rand: 0.3937 (0.4364)  loss_srf: 0.3937 (0.4364)  loss_kl: 0.1954 (0.1432)  loss_grads: 0.9421 (0.9739)  iou: 0.0000 (0.0182)  time: 0.2769  data: 0.0024  max mem: 6477
[20:35:30.647353] Epoch: [0]  [  920/65536]  eta: 5:02:45  lr: 0.000100  loss: 1.8341 (1.9444)  loss_near: 1.0228 (1.0621)  loss_rand: 0.3984 (0.4355)  loss_srf: 0.3984 (0.4355)  loss_kl: 0.2059 (0.1446)  loss_grads: 0.9409 (0.9732)  iou: 0.0000 (0.0178)  time: 0.2812  data: 0.0024  max mem: 6477
[20:35:36.352541] Epoch: [0]  [  940/65536]  eta: 5:02:45  lr: 0.000100  loss: 1.7648 (1.9409)  loss_near: 0.9439 (1.0600)  loss_rand: 0.4029 (0.4349)  loss_srf: 0.4029 (0.4349)  loss_kl: 0.2216 (0.1461)  loss_grads: 0.9418 (0.9725)  iou: 0.0000 (0.0174)  time: 0.2852  data: 0.0023  max mem: 6477
