JobId=1561409 JobName=garment-encoder
   UserId=pba764(5013) GroupId=ponsmoll(4037) MCS_label=N/A
   Priority=43714 Nice=0 Account=ponsmoll QOS=normal
   JobState=RUNNING Reason=None Dependency=(null)
   Requeue=1 Restarts=0 BatchFlag=1 Reboot=0 ExitCode=0:0
   RunTime=00:00:00 TimeLimit=2-00:00:00 TimeMin=N/A
   SubmitTime=2025-06-20T11:02:40 EligibleTime=2025-06-20T11:02:40
   AccrueTime=2025-06-20T11:02:40
   StartTime=2025-06-20T11:02:40 EndTime=2025-06-22T11:02:40 Deadline=N/A
   PreemptEligibleTime=2025-06-20T11:03:40 PreemptTime=None
   SuspendTime=None SecsPreSuspend=0 LastSchedEval=2025-06-20T11:02:40 Scheduler=Main
   Partition=2080-galvani AllocNode:Sid=192.168.212.54:347632
   ReqNodeList=(null) ExcNodeList=(null)
   NodeList=galvani-cn105
   BatchHost=galvani-cn105
   NumNodes=1 NumCPUs=8 NumTasks=1 CPUs/Task=8 ReqB:S:C:T=0:0:*:*
   ReqTRES=cpu=8,mem=16G,node=1,billing=2,gres/gpu=4
   AllocTRES=cpu=8,mem=16G,node=1,billing=2,gres/gpu=4,gres/gpu:rtx2080ti=4
   Socks/Node=* NtasksPerN:B:S:C=0:0:*:* CoreSpec=*
   MinCPUsNode=8 MinMemoryNode=16G MinTmpDiskNode=0
   Features=(null) DelayBoot=00:00:00
   OverSubscribe=OK Contiguous=0 Licenses=(null) Network=(null)
   Command=/mnt/lustre/home/ponsmoll/pba764/projects/3DShape2VecSet/sbatch_run_gpu_training_single_garm.py
   WorkDir=/mnt/lustre/home/ponsmoll/pba764/projects/3DShape2VecSet
   StdErr=/mnt/lustre/home/ponsmoll/pba764/projects/3DShape2VecSet/./logs_sphere/myjob-1561409.err
   StdIn=/dev/null
   StdOut=/mnt/lustre/home/ponsmoll/pba764/projects/3DShape2VecSet/./logs_sphere/myjob-1561409.out
   Power=
   TresPerNode=gres:gpu:4
   MailUser=andrea.sanchietti@uni-tuebingen.de MailType=INVALID_DEPEND,BEGIN,END,FAIL,REQUEUE,STAGE_OUT
   

/home/ponsmoll/pba764/projects/3DShape2VecSet
RUNNING DIST OPTION 2
| distributed init (rank 0): env://, gpu 0
[11:02:52.359835] job dir: /mnt/lustre/home/ponsmoll/pba764/projects/3DShape2VecSet
[11:02:52.359948] Namespace(batch_size=2,
epochs=500,
accum_iter=16,
model='kl_garments',
point_cloud_size=16384,
num_samples=65536,
random_samples_ratio=0.2,
surface_samples_ratio=0.15,
clip_grad=None,
weight_decay=0.05,
lr=0.0001,
blr=0.0001,
layer_decay=0.75,
min_lr=1e-08,
warmup_epochs=0,
data_path='../GarmentCode/garmentcodedata_v2',
output_dir='./output_single_garment',
log_dir='./output_single_garment',
device='cuda',
seed=0,
resume='',
start_epoch=0,
eval=False,
dist_eval=False,
num_workers=2,
pin_mem=False,
world_size=1,
local_rank=0,
dist_on_itp=False,
dist_url='env://',
only_udf=False,
force_occupancy=True,
save_every=1,
max_dist=0.1,
mse_loss=False,
test_dummy_sphere=False,
single_garment_overfit=True,
body_model_normalization=False,
body_model_normalization_alpha=0.5,
rank=0,
gpu=0,
distributed=True,
dist_backend='nccl')
[11:02:52.620173] Using 4 GPUs
[11:03:09.042212] Using 4 GPUs
[11:03:25.961083] Sampler_train = <torch.utils.data.distributed.DistributedSampler object at 0x7f2b3448dca0>
[11:03:26.810088] Model = KLAutoEncoderV2(
  (cross_attend_blocks): ModuleList(
    (0): PreNorm(
      (fn): Attention(
        (to_q): Linear(in_features=512, out_features=512, bias=False)
        (to_kv): Linear(in_features=512, out_features=1024, bias=False)
        (to_out): Linear(in_features=512, out_features=512, bias=True)
        (drop_path): Identity()
      )
      (norm): LayerNorm((512,), eps=1e-05, elementwise_affine=True)
      (norm_context): LayerNorm((512,), eps=1e-05, elementwise_affine=True)
    )
    (1): PreNorm(
      (fn): FeedForward(
        (net): Sequential(
          (0): Linear(in_features=512, out_features=4096, bias=True)
          (1): GEGLU()
          (2): Linear(in_features=2048, out_features=512, bias=True)
        )
        (drop_path): Identity()
      )
      (norm): LayerNorm((512,), eps=1e-05, elementwise_affine=True)
    )
  )
  (point_embed): PointEmbed(
    (mlp): Linear(in_features=51, out_features=512, bias=True)
  )
  (layers): ModuleList(
    (0-23): 24 x ModuleList(
      (0): PreNorm(
        (fn): Attention(
          (to_q): Linear(in_features=512, out_features=512, bias=False)
          (to_kv): Linear(in_features=512, out_features=1024, bias=False)
          (to_out): Linear(in_features=512, out_features=512, bias=True)
          (drop_path): DropPath(drop_prob=0.100)
        )
        (norm): LayerNorm((512,), eps=1e-05, elementwise_affine=True)
      )
      (1): PreNorm(
        (fn): FeedForward(
          (net): Sequential(
            (0): Linear(in_features=512, out_features=4096, bias=True)
            (1): GEGLU()
            (2): Linear(in_features=2048, out_features=512, bias=True)
          )
          (drop_path): DropPath(drop_prob=0.100)
        )
        (norm): LayerNorm((512,), eps=1e-05, elementwise_affine=True)
      )
    )
  )
  (decoder_cross_attn): PreNorm(
    (fn): Attention(
      (to_q): Linear(in_features=512, out_features=512, bias=False)
      (to_kv): Linear(in_features=512, out_features=1024, bias=False)
      (to_out): Linear(in_features=512, out_features=512, bias=True)
      (drop_path): Identity()
    )
    (norm): LayerNorm((512,), eps=1e-05, elementwise_affine=True)
    (norm_context): LayerNorm((512,), eps=1e-05, elementwise_affine=True)
  )
  (to_outputs): Linear(in_features=512, out_features=1, bias=True)
  (proj): Linear(in_features=16, out_features=512, bias=True)
  (mean_fc): Linear(in_features=512, out_features=16, bias=True)
  (logvar_fc): Linear(in_features=512, out_features=16, bias=True)
)
[11:03:26.810142] number of params (M): 106.14
[11:03:26.810170] base lr: 8.00e-04
[11:03:26.810186] actual lr: 1.00e-04
[11:03:26.810202] accumulate grad iterations: 16
[11:03:26.810217] effective batch size: 32
[11:03:26.831311] criterion = BCEWithLogitsLoss()
[11:03:26.831356] Start training for 500 epochs
[11:03:28.314679] log_dir: ./output_single_garment
[11:03:29.998934] Epoch: [0]  [    0/32768]  eta: 15:19:13  lr: 0.000100  loss: 2.1209 (2.1209)  loss_near: 0.6694 (0.6694)  loss_rand: 0.7205 (0.7205)  loss_srf: 0.7205 (0.7205)  loss_kl: 0.0508 (0.0508)  loss_grads: 0.9989 (0.9989)  iou: 0.7568 (0.7568)  time: 1.6831  data: 0.1262  max mem: 9313
[11:03:38.745510] [11:03:38.745962] [11:03:38.746208] [11:03:38.746397] [11:03:38.746607] [11:03:38.746788] [11:03:38.747035] [11:03:38.747213] [11:03:38.747337] [11:03:38.747443] [11:03:38.747653] [1;34mwandb[0m: 
[1;34mwandb[0m: 🚀 View run [33mkl_garments[0m at: [34mhttps://wandb.ai/SewingGaussians/3DShape2VecSet_single_garment_distributed_bce/runs/cg1z713a[0m
[1;34mwandb[0m: Find logs at: [1;35m../../../../../mnt/lustre/home/ponsmoll/pba764/projects/3DShape2VecSet/wandb/run-20250620_110327-cg1z713a/logs[0m
